// Jest Snapshot v1, https://goo.gl/fbAQLP

exports[`should match the snapshot 1`] = `
ShallowWrapper {
  "length": 1,
  Symbol(enzyme.__root__): [Circular],
  Symbol(enzyme.__unrendered__): <CardContainer
    allDistrictData={
        Object {
            "data": Object {
              "data": Object {
                "2004": 1,
                "2005": 1,
                "2006": 1,
                "2007": 1,
                "2008": 1,
                "2009": 1,
                "2010": 1,
                "2011": 1,
                "2012": 1,
                "2013": 1,
                "2014": 1,
              },
              "location": "COLORADO",
            },
          }
    }
/>,
  Symbol(enzyme.__renderer__): Object {
    "batchedUpdates": [Function],
    "getNode": [Function],
    "render": [Function],
    "simulateEvent": [Function],
    "unmount": [Function],
  },
  Symbol(enzyme.__node__): Object {
    "instance": null,
    "key": undefined,
    "nodeType": "host",
    "props": Object {
      "children": Array [
        <h2
          className="cards-title"
>
          School Data by District
</h2>,
        <section
          className="card-wrap"
>
          <Card
                    data={
                              Object {
                                        "data": Object {
                                          "2004": 1,
                                          "2005": 1,
                                          "2006": 1,
                                          "2007": 1,
                                          "2008": 1,
                                          "2009": 1,
                                          "2010": 1,
                                          "2011": 1,
                                          "2012": 1,
                                          "2013": 1,
                                          "2014": 1,
                                        },
                                        "location": "COLORADO",
                                      }
                    }
                    handleClick={undefined}
          />
</section>,
      ],
      "className": "card-section",
    },
    "ref": null,
    "rendered": Array [
      Object {
        "instance": null,
        "key": undefined,
        "nodeType": "host",
        "props": Object {
          "children": "School Data by District",
          "className": "cards-title",
        },
        "ref": null,
        "rendered": "School Data by District",
        "type": "h2",
      },
      Object {
        "instance": null,
        "key": undefined,
        "nodeType": "host",
        "props": Object {
          "children": Array [
            <Card
              data={
                            Object {
                                          "data": Object {
                                            "2004": 1,
                                            "2005": 1,
                                            "2006": 1,
                                            "2007": 1,
                                            "2008": 1,
                                            "2009": 1,
                                            "2010": 1,
                                            "2011": 1,
                                            "2012": 1,
                                            "2013": 1,
                                            "2014": 1,
                                          },
                                          "location": "COLORADO",
                                        }
              }
              handleClick={undefined}
/>,
          ],
          "className": "card-wrap",
        },
        "ref": null,
        "rendered": Array [
          Object {
            "instance": null,
            "key": "0",
            "nodeType": "function",
            "props": Object {
              "data": Object {
                "data": Object {
                  "2004": 1,
                  "2005": 1,
                  "2006": 1,
                  "2007": 1,
                  "2008": 1,
                  "2009": 1,
                  "2010": 1,
                  "2011": 1,
                  "2012": 1,
                  "2013": 1,
                  "2014": 1,
                },
                "location": "COLORADO",
              },
              "handleClick": undefined,
            },
            "ref": null,
            "rendered": null,
            "type": [Function],
          },
        ],
        "type": "section",
      },
    ],
    "type": "div",
  },
  Symbol(enzyme.__nodes__): Array [
    Object {
      "instance": null,
      "key": undefined,
      "nodeType": "host",
      "props": Object {
        "children": Array [
          <h2
            className="cards-title"
>
            School Data by District
</h2>,
          <section
            className="card-wrap"
>
            <Card
                        data={
                                    Object {
                                                "data": Object {
                                                  "2004": 1,
                                                  "2005": 1,
                                                  "2006": 1,
                                                  "2007": 1,
                                                  "2008": 1,
                                                  "2009": 1,
                                                  "2010": 1,
                                                  "2011": 1,
                                                  "2012": 1,
                                                  "2013": 1,
                                                  "2014": 1,
                                                },
                                                "location": "COLORADO",
                                              }
                        }
                        handleClick={undefined}
            />
</section>,
        ],
        "className": "card-section",
      },
      "ref": null,
      "rendered": Array [
        Object {
          "instance": null,
          "key": undefined,
          "nodeType": "host",
          "props": Object {
            "children": "School Data by District",
            "className": "cards-title",
          },
          "ref": null,
          "rendered": "School Data by District",
          "type": "h2",
        },
        Object {
          "instance": null,
          "key": undefined,
          "nodeType": "host",
          "props": Object {
            "children": Array [
              <Card
                data={
                                Object {
                                                "data": Object {
                                                  "2004": 1,
                                                  "2005": 1,
                                                  "2006": 1,
                                                  "2007": 1,
                                                  "2008": 1,
                                                  "2009": 1,
                                                  "2010": 1,
                                                  "2011": 1,
                                                  "2012": 1,
                                                  "2013": 1,
                                                  "2014": 1,
                                                },
                                                "location": "COLORADO",
                                              }
                }
                handleClick={undefined}
/>,
            ],
            "className": "card-wrap",
          },
          "ref": null,
          "rendered": Array [
            Object {
              "instance": null,
              "key": "0",
              "nodeType": "function",
              "props": Object {
                "data": Object {
                  "data": Object {
                    "2004": 1,
                    "2005": 1,
                    "2006": 1,
                    "2007": 1,
                    "2008": 1,
                    "2009": 1,
                    "2010": 1,
                    "2011": 1,
                    "2012": 1,
                    "2013": 1,
                    "2014": 1,
                  },
                  "location": "COLORADO",
                },
                "handleClick": undefined,
              },
              "ref": null,
              "rendered": null,
              "type": [Function],
            },
          ],
          "type": "section",
        },
      ],
      "type": "div",
    },
  ],
  Symbol(enzyme.__options__): Object {
    "adapter": ReactSixteenAdapter {
      "options": Object {
        "enableComponentDidUpdateOnSetState": true,
      },
    },
  },
}
`;
